// Jest Snapshot v1, https://goo.gl/fbAQLP

exports[`App component renders properly 1`] = `
<div
  className="app-container"
>
  <Header />
  <Mapbox />
</div>
`;

exports[`Bathroom component renders properly 1`] = `
<div>
  <Marker
    anchor="bottom"
  >
    <styled.div />
  </Marker>
</div>
`;

exports[`Header component renders properly 1`] = `
<div>
  <header>
    <h1>
      The Poop Scoop 💩
    </h1>
  </header>
  <div
    className="header-pic"
  >
    <img
      alt="get the scoop on where to poop"
      src="https://outsider.ie/wp-content/uploads/2017/08/ALT-HEADER-3401601513_80ea646cd9_o-1980x450.jpg"
    />
  </div>
</div>
`;
